exports[`test renders correctly 1`] = `
<div
  className="error">
  No Match
</div>
`;
